// Jest Snapshot v1, https://goo.gl/fbAQLP

exports[`renders inlineTagIconLink correctly 1`] = `
<button
  className="sc-hKgILt bDwaoy tagButton"
  disabled={false}
  onClick={[Function]}
  tabIndex={0}
  type="button"
>
  <span
    className="sc-dlfnbm iOlYhO"
  >
    <div
      className="icon"
      style={
        Object {
          "background": "#FF0000",
        }
      }
    >
      <svg
        aria-label="tag"
      />
    </div>
    <div>
      <p
        className="sc-eCssSg bvfwKK tag"
      >
        test
      </p>
      <p
        className="sc-eCssSg bHjGEK description"
      >
        221312
      </p>
    </div>
  </span>
</button>
`;
