// Jest Snapshot v1, https://goo.gl/fbAQLP

exports[`renders RadioButtonGroup correctly  1`] = `
<div>
  <p
    className="sc-hKgILt dMHJLh header"
  >
    My radio button group
  </p>
  <div
    className="buttonWrapper"
  >
    <label
      className="sc-eltcbb gSlHGN"
      disabled={false}
    >
      <span
        className="sc-gsBrbv cqIwGN"
        disabled={false}
      >
        <input
          checked={false}
          className="sc-jtHMlw foxuLr"
          disabled={false}
          onChange={[Function]}
          type="radio"
        />
        <svg
          aria-hidden={true}
          className="sc-cKZHah"
          fill="var(--eds_interactive_primary__resting, rgba(0, 112, 121, 1))"
          height={24}
          name={null}
          viewBox="0 0 24 24"
          width={24}
          xmlns="http://www.w3.org/2000/svg"
        >
          <path
            className="sc-kiYtDG"
            clipRule="evenodd"
            d="M12 2C6.48 2 2 6.48 2 12s4.48 10 10 10 10-4.48 10-10S17.52 2 12 2zm0 18c-4.42 0-8-3.58-8-8s3.58-8 8-8 8 3.58 8 8-3.58 8-8 8zm-5-8a5 5 0 1110 0 5 5 0 01-10 0z"
            fillRule="evenodd"
            name="selected"
          />
          <path
            className="sc-kiYtDG"
            clipRule="evenodd"
            d="M2 12C2 6.48 6.48 2 12 2s10 4.48 10 10-4.48 10-10 10S2 17.52 2 12zm2 0c0 4.42 3.58 8 8 8s8-3.58 8-8-3.58-8-8-8-8 3.58-8 8z"
            fillRule="evenodd"
            name="unselected"
          />
        </svg>
      </span>
      <span
        className="sc-iIEYCM hLQBIp"
      >
        First value
      </span>
    </label>
    <label
      className="sc-eltcbb gSlHGN"
      disabled={false}
    >
      <span
        className="sc-gsBrbv cqIwGN"
        disabled={false}
      >
        <input
          checked={true}
          className="sc-jtHMlw foxuLr"
          disabled={false}
          onChange={[Function]}
          type="radio"
        />
        <svg
          aria-hidden={true}
          className="sc-cKZHah"
          fill="var(--eds_interactive_primary__resting, rgba(0, 112, 121, 1))"
          height={24}
          name={null}
          viewBox="0 0 24 24"
          width={24}
          xmlns="http://www.w3.org/2000/svg"
        >
          <path
            className="sc-kiYtDG"
            clipRule="evenodd"
            d="M12 2C6.48 2 2 6.48 2 12s4.48 10 10 10 10-4.48 10-10S17.52 2 12 2zm0 18c-4.42 0-8-3.58-8-8s3.58-8 8-8 8 3.58 8 8-3.58 8-8 8zm-5-8a5 5 0 1110 0 5 5 0 01-10 0z"
            fillRule="evenodd"
            name="selected"
          />
          <path
            className="sc-kiYtDG"
            clipRule="evenodd"
            d="M2 12C2 6.48 6.48 2 12 2s10 4.48 10 10-4.48 10-10 10S2 17.52 2 12zm2 0c0 4.42 3.58 8 8 8s8-3.58 8-8-3.58-8-8-8-8 3.58-8 8z"
            fillRule="evenodd"
            name="unselected"
          />
        </svg>
      </span>
      <span
        className="sc-iIEYCM hLQBIp"
      >
        Second value
      </span>
    </label>
  </div>
</div>
`;
